[www.momint.so/learn-about-nfts8e83.html]
[backblue.gif]
[fade.gif]
[index.html]
[uploads-ssl.webflow.com/60d20a9aba3bebdcfeadfa63/css/momint.webflow.9cd0a105f.min.css]
[ajax.googleapis.com/ajax/libs/webfont/1.6.26/webfont.js]
[uploads-ssl.webflow.com/60d20a9aba3bebdcfeadfa63/60d3073fb384c073da6cdb81_Favicon.png]
[uploads-ssl.webflow.com/60d20a9aba3bebdcfeadfa63/60d43a1d87badc189fbad26a_output-onlinepngtools (3).png]
[connect.facebook.net/en_US/fbevents.js]
[cdn.jetboost.io/jetboost.js]
[platform-api.sharethis.com/js/sharethis.js]
[www.momint.so/index.html]
[www.momint.so/about.html]
[www.momint.so/work-with-us.html]
[www.momint.so/events-auction.html]
[www.momint.so/events-party.html]
[www.momint.so/learn-about-nfts.html]
[www.momint.so/post/what-nfts-aree111.html]
[www.momint.so/post/how-to-make-an-nft-on-momint.html]
[uploads-ssl.webflow.com/60d20a9aba3beb41d6adfa71/622729f874681874a9ae94b8_how to mint an nft momint (1).jpg]
[www.momint.so/post/what-do-nfts-mean-for-gaming.html]
[uploads-ssl.webflow.com/60d20a9aba3beb41d6adfa71/6225f7c5e8010d162a528d1f_gaming and nfts (1).jpg]
[www.momint.so/post/how-to-create-nfts-without-gas-fees.html]
[uploads-ssl.webflow.com/60d20a9aba3beb41d6adfa71/6227291a6ee3f319c2269f15_avoid gas fees on nfts (1).jpg]
[www.momint.so/post/learn-about-ethereum.html]
[uploads-ssl.webflow.com/60d20a9aba3beb41d6adfa71/622727dd604e64063ffac18b_all about eth (1).jpg]
[www.momint.so/post/what-are-progressive-web-apps.html]
[uploads-ssl.webflow.com/60d20a9aba3beb41d6adfa71/6227299da75329114ffb4db5_PWA - tutorial  (1).jpg]
[www.momint.so/post/nfts-in-africa.html]
[uploads-ssl.webflow.com/60d20a9aba3beb41d6adfa71/6227278a561abed6ad92f8a9_nfts in africa (1).jpg]
[www.momint.so/post/the-nft-economy-hype-or-real.html]
[uploads-ssl.webflow.com/60d20a9aba3beb41d6adfa71/622733e796a0d152510a3865_nft ecomony thumb new (1).jpg]
[www.momint.so/post/future-of-blockchain-and-nfts.html]
[uploads-ssl.webflow.com/60d20a9aba3beb41d6adfa71/622728516ee3f37d1f25ced3_blockchain in 5 years (1).jpg]
[www.momint.so/post/how-to-make-a-momint-account.html]
[uploads-ssl.webflow.com/60d20a9aba3beb41d6adfa71/62272a28f51e7399bde8af08_how to make a momint account (1).jpg]
[www.momint.so/post/benefits-of-a-proof-of-stake-blockchain.html]
[uploads-ssl.webflow.com/60d20a9aba3beb41d6adfa71/622728bb15377fb26b95d4c8_proof of stake blockchain (1).jpg]
[www.momint.so/post/what-is-a-dao.html]
[uploads-ssl.webflow.com/60d20a9aba3beb41d6adfa71/62287170c765b092110fb878_DAO - article-01 (1).jpg]
[www.momint.so/post/future-of-nfts-in-business.html]
[uploads-ssl.webflow.com/60d20a9aba3beb41d6adfa71/62272e8f19ed3b2d20b9800c_nature of business and nfts.jpg]
[www.momint.so/post/how-does-a-blockchain-wallet-work.html]
[uploads-ssl.webflow.com/60d20a9aba3beb41d6adfa71/62345c031afe6dce83970063_blockchain wallet (1).png]
[www.momint.so/post/how-web3-can-change-the-world.html]
[uploads-ssl.webflow.com/60d20a9aba3beb41d6adfa71/6232ff07ee063d8ba24d026e_web3 (1).png]
[www.momint.so/post/upcoming-nft-trends.html]
[uploads-ssl.webflow.com/60d20a9aba3beb41d6adfa71/624308b18087f1712c0fa58c_Slide 16_9 - 1 (1).png]
[www.momint.so/post/difference-between-fungible-and-non-fungible-tokens.html]
[uploads-ssl.webflow.com/60d20a9aba3beb41d6adfa71/6244697cfaecc47d35e1e836_tokens article (2).jpg]
[www.momint.so/post/the-meaning-of-decentralisation.html]
[uploads-ssl.webflow.com/60d20a9aba3beb41d6adfa71/62446f6d9dfdf83a97bdd38c_what is decentralisation (1).jpg]
[www.momint.so/post/meaning-of-minting-an-nft.html]
[uploads-ssl.webflow.com/60d20a9aba3beb41d6adfa71/6245772b4a0a86cae6e40a4f_minting an nft (1).jpg]
[www.momint.so/post/what-is-nft-ticketing.html]
[uploads-ssl.webflow.com/60d20a9aba3beb41d6adfa71/62569bac20ffd6022518ba53_nft ticketing (1).jpg]
[www.momint.so/post/everything-you-need-to-know-about-dapps.html]
[uploads-ssl.webflow.com/60d20a9aba3beb41d6adfa71/6267e65d3b9560ebcc8046f1_Dapps (1).png]
[www.momint.so/post/nfts-and-the-music-industry.html]
[uploads-ssl.webflow.com/60d20a9aba3beb41d6adfa71/6267cd897da856825e167ca9_music nfts (1).png]
[www.momint.so/post/meaning-of-an-nft-rug-pull.html]
[uploads-ssl.webflow.com/60d20a9aba3beb41d6adfa71/626a502e8f62e8cc4e624b1b_rug pull article (1).png]
[www.momint.so/post/what-is-p2e-gaming.html]
[uploads-ssl.webflow.com/60d20a9aba3beb41d6adfa71/626aa8138fa8c03b6c3152ed_Play to earn (1).png]
[www.momint.so/post/how-nft-real-estate-works.html]
[uploads-ssl.webflow.com/60d20a9aba3beb41d6adfa71/6273ba95fcc3187932cb5560_NFTs in real estate (1).png]
[www.momint.so/post/how-much-does-it-cost-to-make-an-nft.html]
[uploads-ssl.webflow.com/60d20a9aba3beb41d6adfa71/62725b9f2953c8a58e833829_cost to mind (1).png]
[www.momint.so/post/how-does-an-nft-marketplace-work.html]
[uploads-ssl.webflow.com/60d20a9aba3beb41d6adfa71/627e2828ba8d6742b13863bb_how an NFT marketplace works (1).png]
[www.momint.so/post/what-does-utility-mean-in-nfts.html]
[uploads-ssl.webflow.com/60d20a9aba3beb41d6adfa71/628238a69cfe0b317717d656_Utility in NFTs (1).png]
[www.momint.so/post/how-royalties-work-in-nfts.html]
[uploads-ssl.webflow.com/60d20a9aba3beb41d6adfa71/628770c5bb8f7c1b6e6056bc_royalties in nfts (1).png]
[www.momint.so/post/is-it-too-late-to-get-into-nfts.html]
[uploads-ssl.webflow.com/60d20a9aba3beb41d6adfa71/62a9defbb6f598d0cfe4966b_nft too late (1).jpg]
[uploads-ssl.webflow.com/60d20a9aba3bebdcfeadfa63/61a75d3f5bc16746addf44d5_discord-color-seeklogo.com-4-01.png]
[uploads-ssl.webflow.com/60d20a9aba3bebdcfeadfa63/60d2fef4405f139f686f68c6_logo.png]
[www.momint.so/faq.html]
[www.momint.so/blog.html]
[www.momint.so/nft-challenge.html]
[www.momint.so/support.html]
[www.momint.so/terms-of-service.html]
[www.momint.so/privacy-policy.html]
[d3e54v103j8qbb.cloudfront.net/js/jquery-3.5.1.min.dc5e7f18c8cac2.js]
[www.momint.so/learn-about-nfts8e83.html]
[uploads-ssl.webflow.com/60d20a9aba3bebdcfeadfa63/css/momint.webflow.9cd0a105f.min.css]
[www.googletagmanager.com/gtm5445.html]
[uploads-ssl.webflow.com/60d20a9aba3bebdcfeadfa63/js/webflow.d9cb418c9.js]
[connect.facebook.net/en_US/fbevents.js]
[uploads-ssl.webflow.com/60d20a9aba3bebdcfeadfa63/61813ead43cb124c3ae7c309_memeburn.png]
[uploads-ssl.webflow.com/60d20a9aba3bebdcfeadfa63/61813eace9e02761c25de156_bussiness_insider.png]
[uploads-ssl.webflow.com/60d20a9aba3bebdcfeadfa63/61813eac31c520023a90236f_bitcoin.com.png]
[uploads-ssl.webflow.com/60d20a9aba3bebdcfeadfa63/61addfe92e60178890881b84_Untitled-1.png]
[uploads-ssl.webflow.com/60d20a9aba3bebdcfeadfa63/61aa09fe0b806b2d4c2bd247_bloom.png]
[uploads-ssl.webflow.com/60d20a9aba3bebdcfeadfa63/6233610cfa0cb16fa29a38a4_61addcb94e28224f33fc6fd8_Untitled-1 copy.png]
[uploads-ssl.webflow.com/60d20a9aba3bebdcfeadfa63/61aa24ebb7a6134fed96e8f0_ggg.png]
[uploads-ssl.webflow.com/60d20a9aba3bebdcfeadfa63/6233610138c7895dac399442_61addc443bc6f8f30ed4c0b5_Untitled-1 copy.png]
[uploads-ssl.webflow.com/60d20a9aba3bebdcfeadfa63/61813ead41444a6135a8b238_News24_2.png]
[uploads-ssl.webflow.com/60d20a9aba3bebdcfeadfa63/61aa0aa90a661175ded26880_newsuk.png]
[uploads-ssl.webflow.com/60d20a9aba3bebdcfeadfa63/61ade4e7132702ef02695003_Untitled-1.png]
[uploads-ssl.webflow.com/60d20a9aba3bebdcfeadfa63/618178e5eaf4fc4c612e1084_4ffdba2d-50c9-46bc-a984-34587bcc6ab2.jpg]
[uploads-ssl.webflow.com/60d20a9aba3bebdcfeadfa63/618179797c646c1e78bff79d_xcSZ3r3TrCHV46BjyKkv_eIdTflyymXyYtcko.png]
[uploads-ssl.webflow.com/60d20a9aba3bebdcfeadfa63/61817884a1c8f4aa9068ef29_f8ef8150-d9d5-4859-96d3-7a5194fc1507.png]
[uploads-ssl.webflow.com/60d20a9aba3bebdcfeadfa63/62c43fc515589a7b56481432_Momint MYT Home.png]
[uploads-ssl.webflow.com/60d20a9aba3bebdcfeadfa63/618144a4479c4f85e524d21d_unsplash_eICUFSeirc0.png]
[uploads-ssl.webflow.com/60d20a9aba3bebdcfeadfa63/618144a40ad8971b104615d5_unsplash_eICUFSeirc0-1.png]
[uploads-ssl.webflow.com/60d20a9aba3bebdcfeadfa63/618144a48164ba0c52a951c3_unsplash_eICUFSeirc0-2.png]
[uploads-ssl.webflow.com/60d20a9aba3bebdcfeadfa63/618152f73f263910da38e2dc_planet.png]
[www.momint.so/index.html]
[uploads-ssl.webflow.com/60d20a9aba3bebdcfeadfa63/60df2e0309d61ef52ec9f061_aboutImg-withBg.png]
[uploads-ssl.webflow.com/60d20a9aba3bebdcfeadfa63/60ec631ac7c808dbb7948ac5_Frame 5115.png]
[www.momint.so/about.html]
[uploads-ssl.webflow.com/60d20a9aba3bebdcfeadfa63/62cbf59ac50496023ccdaf0c_technology.png]
[uploads-ssl.webflow.com/60d20a9aba3bebdcfeadfa63/62cbf5aee81984621fc834c8_support.png]
[uploads-ssl.webflow.com/60d20a9aba3bebdcfeadfa63/62cbf5a641d3281d265d13c6_marketplace.png]
[www.momint.so/work-with-us.html]
[cdnjs.cloudflare.com/ajax/libs/animejs/2.0.2/anime.min.js]
[js.hsforms.net/forms/v2.js]
[www.momint.so/auction-items/nelsonmandelawarrantofarrest-nelsonmandela.html]
[uploads-ssl.webflow.com/60d20a9aba3beb41d6adfa71/622b1f44e412b9e9e541b0e5_Screenshot 2022-03-11 at 12.02-min.png]
[www.momint.so/auction-items/metavestcapital-boredape-5981-boredape.html]
[uploads-ssl.webflow.com/60d20a9aba3beb41d6adfa71/623dc42640f992c85eea0652_BAYC2.png]
[www.momint.so/auction-items/mutantape-21962-mutantape.html]
[uploads-ssl.webflow.com/60d20a9aba3beb41d6adfa71/623dc33da992dd36739162d5_BAYC1.png]
[www.momint.so/auction-items/bulletproof-nft-fightbacksa.html]
[uploads-ssl.webflow.com/60d20a9aba3beb41d6adfa71/6230a5383193fa72a571e37c_pink_gun_thumbnail.jpg]
[www.momint.so/auction-items/tarina-patel-beauty.html]
[uploads-ssl.webflow.com/60d20a9aba3beb41d6adfa71/623b1e90a683ea73fbef20e4_20220110_143521 - Juan Solms (1).jpg]
[www.momint.so/auction-items/briana-evigan-x-marco-olivier.html]
[uploads-ssl.webflow.com/60d20a9aba3beb41d6adfa71/623c53a5a9cc04dff600d084_Briana Evigan - Story of my Life_v002.png]
[www.momint.so/auction-items/jaredxshavaart-jaredxshavanft-mirrorman.html]
[uploads-ssl.webflow.com/60d20a9aba3beb41d6adfa71/623b4a1ba12e2984495b8cfb_Webp.net-compress-image (4).jpg]
[www.momint.so/auction-items/jaredxfarai-orgiasticcolour.html]
[uploads-ssl.webflow.com/60d20a9aba3beb41d6adfa71/6221f5fc2ce3ccb493a6d1fe_Jared-Aufrichtig_Samurai-Farai_Painting_Orgiastic Colour_NFT_Web-Low-res - Jared Aufrichtig.jpg]
[www.momint.so/auction-items/tertiusvandyk-surrealist.html]
[uploads-ssl.webflow.com/60d20a9aba3beb41d6adfa71/6220e4a3c4869febaeb6837c_STONE HENGE 2 - Tertius van Dyk-min.jpg]
[www.momint.so/auction-items/marco-olivier-surrender-man.html]
[uploads-ssl.webflow.com/60d20a9aba3beb41d6adfa71/623c54fdcc6e577cbe22c1b2_Surrenderman.png]
[www.momint.so/auction-items/peterterrin-art.html]
[uploads-ssl.webflow.com/60d20a9aba3beb41d6adfa71/622f4e0907994e120f177850_Peter Terrin - Love Hangover.jpg]
[www.momint.so/auction-items/chazwilliams-art-nft-nftdebut.html]
[uploads-ssl.webflow.com/60d20a9aba3beb41d6adfa71/623c542d3d239064180c18f8_chaz williams hummingbird.jpg]
[www.momint.so/auction-items/peterterrin-art-mindgames.html]
[uploads-ssl.webflow.com/60d20a9aba3beb41d6adfa71/622f4d313afc9d5d1918b337_Peter Terrin - Mind Games.jpg]
[www.momint.so/blitz-auction/ofek-liepaz-bob.html]
[uploads-ssl.webflow.com/60d20a9aba3beb41d6adfa71/6231d97a448f40feb79345f6_Ofek Flash Auction Submission.png]
[www.momint.so/blitz-auction/hannah-smith-lady-justice.html]
[uploads-ssl.webflow.com/60d20a9aba3beb41d6adfa71/6231d8a36188c260bb52ac8a__Hannah smith.jpg]
[www.momint.so/blitz-auction/alaska-lane-graffiti-beamo.html]
[uploads-ssl.webflow.com/60d20a9aba3beb41d6adfa71/6231d79530fd7f1c5d13e056_Alaska Lane.png]
[www.momint.so/blitz-auction/khani-ndhambi-distant-memories.html]
[uploads-ssl.webflow.com/60d20a9aba3beb41d6adfa71/623463c8eb1b336b07465b37_distantmem - Khani Ndhambi.png]
[www.momint.so/blitz-auction/showqaz-damola-amazing-strings.html]
[uploads-ssl.webflow.com/60d20a9aba3beb41d6adfa71/6231d657d796a478933b7e7f_showqaz damola.jpg]
[www.momint.so/blitz-auction/8igh-atl-8igh-dao-membership-card.html]
[uploads-ssl.webflow.com/60d20a9aba3beb41d6adfa71/6231d5712d6df745a5ebbbb0_ATL8IGHDAO - 8IGH Official.png]
[www.momint.so/blitz-auction/katiso-hlabana-stay-in-the-light.html]
[uploads-ssl.webflow.com/60d20a9aba3beb41d6adfa71/6231d4d9180f1f7b9102f0c3__Katiso Hlabana.jpg]
[www.momint.so/blitz-auction/enchiridion-grand-africa.html]
[uploads-ssl.webflow.com/60d20a9aba3beb41d6adfa71/6231d440b1ca159beb540703_Enchiridion Mandala Final - Michael Rauwerdink.png]
[www.momint.so/blitz-auction/titan-door-to-escape.html]
[uploads-ssl.webflow.com/60d20a9aba3beb41d6adfa71/6231d3c205cfcf212571970a_grad5_Glitch - Titan.jpg]
[www.momint.so/blitz-auction/kameel-mohammed-bliss.html]
[uploads-ssl.webflow.com/60d20a9aba3beb41d6adfa71/6231d33f6af711255fb87a6e_Illustration80.5 - Kameel Mohammed.png]
[www.momint.so/blitz-auction/dewet-mostert-heaven.html]
[uploads-ssl.webflow.com/60d20a9aba3beb41d6adfa71/6231d2548ae3ec2767dab3f5_Dewet Mostert.jpg]
[www.momint.so/blitz-auction/brendan-louw-moments.html]
[uploads-ssl.webflow.com/60d20a9aba3beb41d6adfa71/6231d1d4981bc164d8ea0d75_BRENDAN LOUW.jpg]
[www.momint.so/blitz-auction/eneo-hollenbach-seed-token.html]
[uploads-ssl.webflow.com/60d20a9aba3beb41d6adfa71/6239dd333563f493c48dc9e6_Eneo SEED NFT cover.png]
[www.momint.so/blitz-auction/adin-kamanda-sedulous.html]
[uploads-ssl.webflow.com/60d20a9aba3beb41d6adfa71/6231d05401cc033e4c887f0e_ADINS DESIGN.jpg]
[www.momint.so/blitz-auction/barry-de-jager-steam-whale.html]
[uploads-ssl.webflow.com/60d20a9aba3beb41d6adfa71/6231cfb5ea7028361f406b98_STEAM_WHALE - The Ink Pirate.jpg]
[www.momint.so/blitz-auction/craig-chitima-11th-warrior-of-kente.html]
[uploads-ssl.webflow.com/60d20a9aba3beb41d6adfa71/6231cede311863072fcc25e9__Craig Chitima.jpg]
[www.momint.so/blitz-auction/stephen-de-villiers-graaff.html]
[uploads-ssl.webflow.com/60d20a9aba3beb41d6adfa71/6231c57a87313871fda68882_STEPHEN.png]
[www.momint.so/blitz-auction/dude-super-the-drip-is-real.html]
[uploads-ssl.webflow.com/60d20a9aba3beb41d6adfa71/6231c05f38eb0856c642ec44_DUDE SUPER.jpg]
[www.momint.so/events-auction.html]
[cdn.jsdelivr.net/npm/@splidejs/splide@2.4.21/dist/js/splide.min.js]
[uploads-ssl.webflow.com/60d20a9aba3bebdcfeadfa63/623b0569027a421244120fa9_HYENAH.png]
[uploads-ssl.webflow.com/60d20a9aba3bebdcfeadfa63/623b0568802f7cd1d522914f_TSHEPISOUL.png]
[uploads-ssl.webflow.com/60d20a9aba3bebdcfeadfa63/623b05689cdfdc492a4d631c_LAZAR.png]
[uploads-ssl.webflow.com/60d20a9aba3bebdcfeadfa63/623b056822473819865f85de_SHIFT.png]
[uploads-ssl.webflow.com/60d20a9aba3bebdcfeadfa63/623b056834428fb08174f819_Athie.png]
[uploads-ssl.webflow.com/60d20a9aba3bebdcfeadfa63/623b056914ba6c242037bf3c_DWSON.png]
[uploads-ssl.webflow.com/60d20a9aba3bebdcfeadfa63/623b056905de6465d6a173f0_BARISTA.png]
[www.momint.so/events-party.html]
[www.momint.so/learn-about-nfts.html]
[www.momint.so/post/how-an-nft-gains-value.html]
[www.momint.so/post/momint-hosts-one-of-africas-biggest-nft-auctions.html]
[uploads-ssl.webflow.com/60d20a9aba3beb41d6adfa71/624b1116d43a3f340188cb22_auction 1st (1).png]
[www.momint.so/post/how-to-build-an-nft-community.html]
[uploads-ssl.webflow.com/60d20a9aba3beb41d6adfa71/6267fa19d243dc2306b3a48a_community (1).png]
[www.momint.so/post/what-nfts-aree111.html]
[www.momint.so/post/pfp-in-nft-space.html]
[uploads-ssl.webflow.com/60d20a9aba3beb41d6adfa71/6244553a0437f616cd65a30d_pfp nft article featured_ccexpress (1).jpg]
[www.momint.so/post/how-to-make-an-nft-on-momint.html]
[www.momint.so/post/what-nfts-are.html]
[uploads-ssl.webflow.com/60d20a9aba3beb41d6adfa71/6227241c7468187243a93289_axie infinity gameplay (1).jpg]
[uploads-ssl.webflow.com/60d20a9aba3beb41d6adfa71/622724cbf1f39442e31ae382_sipher gameplay (1).jpg]
[uploads-ssl.webflow.com/60d20a9aba3beb41d6adfa71/622725b8f51e7357e7e7656b_monkeyleague - games article (1).jpg]
[uploads-ssl.webflow.com/60d20a9aba3beb41d6adfa71/622726316ee3f37ee723ea8d_dark frontiers - cover picture (1).jpg]
[uploads-ssl.webflow.com/60d20a9aba3beb41d6adfa71/62272697f51e734efde7a585_magic craft gameplay (1).jpg]
[www.momint.so/post/nfts-tied-to-physical-assets.html]
[uploads-ssl.webflow.com/60d20a9aba3beb41d6adfa71/62b459d5fa9e9bd534988eef_nft physical asset (1).png]
[www.momint.so/post/what-do-nfts-mean-for-gaming.html]
[www.momint.so/post/are-nfts-bad-for-the-environment.html]
[www.momint.so/post/nfts-in-ecommerce.html]
[uploads-ssl.webflow.com/60d20a9aba3beb41d6adfa71/62826564cb68ce31190bd7e9_NFTs in ECommerce (1).png]
[www.momint.so/post/how-to-create-nfts-without-gas-fees.html]
[www.momint.so/post/learn-about-ethereum.html]
[www.momint.so/post/worlds-first-professional-dao-basketball-team.html]
[uploads-ssl.webflow.com/60d20a9aba3beb41d6adfa71/6246b637339e8f5399d06636_8igh x momint (1).png]
[www.momint.so/post/what-are-progressive-web-apps.html]
[www.momint.so/post/how-to-use-nfts-for-your-business.html]
[www.momint.so/post/nfts-in-africa.html]
[uploads-ssl.webflow.com/60d20a9aba3beb41d6adfa71/6227340df13688ba868ab5d5_nft economy (1).jpg]
[www.momint.so/post/tokenising-momint-youtube-channel.html]
[uploads-ssl.webflow.com/60d20a9aba3beb41d6adfa71/62cbf2fa780102e41d06acbd_momint yt blog (2).png]
[www.momint.so/post/the-nft-economy-hype-or-real.html]
[www.momint.so/post/scoin-partners-with-momint.html]
[uploads-ssl.webflow.com/60d20a9aba3beb41d6adfa71/62c8417895522d5f9fe9ecdf_scoin blog.jpg]
[www.momint.so/post/future-of-blockchain-and-nfts.html]
[www.momint.so/post/how-to-make-a-momint-account.html]
[uploads-ssl.webflow.com/60d20a9aba3beb41d6adfa71/61dd876d4855bc5ab0c70b21_Until Choice.png]
[www.momint.so/post/benefits-of-a-proof-of-stake-blockchain.html]
[uploads-ssl.webflow.com/60d20a9aba3beb41d6adfa71/622878348cdfc2e8a36f50f9_DAO - info picture (1).jpg]
[uploads-ssl.webflow.com/60d20a9aba3beb41d6adfa71/622734541bcb8d2e4090b241_nfts and the environment (1).jpg]
[www.momint.so/post/examples-of-dapps.html]
[uploads-ssl.webflow.com/60d20a9aba3beb41d6adfa71/626803084c5f624990660dce_examples of dapps (1).png]
[www.momint.so/post/nft-use-cases-for-business.html]
[uploads-ssl.webflow.com/60d20a9aba3beb41d6adfa71/62c305370f71e35c5004970a_business use cases nfts (1).png]
[www.momint.so/post/what-is-a-dao.html]
[uploads-ssl.webflow.com/60d20a9aba3beb41d6adfa71/62272e3b3d02a3c5c4b88c94_how nfts will change business (1).jpg]
[www.momint.so/post/future-of-nfts-in-business.html]
[uploads-ssl.webflow.com/60d20a9aba3beb41d6adfa71/62345e1354282580d17036d3_download-extension (1).png]
[uploads-ssl.webflow.com/60d20a9aba3beb41d6adfa71/62345cb039d3204919567404_olieman-eth-U2fnmCXZK0M-unsplash (1).jpg]
[www.momint.so/post/best-sources-to-learn-blockchain-technology.html]
[uploads-ssl.webflow.com/60d20a9aba3beb41d6adfa71/62272b033c52e92a0596431e_great sources to learn about blockchain (1).jpg]
[uploads-ssl.webflow.com/60d20a9aba3beb41d6adfa71/622734b6ac0404fa48e7c3ae_what are nfts - blog (1).jpg]
[www.momint.so/post/how-does-a-blockchain-wallet-work.html]
[uploads-ssl.webflow.com/60d20a9aba3beb41d6adfa71/62272bf9604e64da32fee979_use nfts to grow your business (1).jpg]
[www.momint.so/post/how-web3-can-change-the-world.html]
[uploads-ssl.webflow.com/60d20a9aba3beb41d6adfa71/62430e9227fecd53a043a0f5_async art.jpg]
[uploads-ssl.webflow.com/60d20a9aba3beb41d6adfa71/623477e53f56fb3bc1673652_play big time (1).jpg]
[uploads-ssl.webflow.com/60d20a9aba3beb41d6adfa71/6239a6a794980936c621afaf_Gamium - socialise (1).jpg]
[uploads-ssl.webflow.com/60d20a9aba3beb41d6adfa71/6239b4012ba90affcb58f196_Ocean Protocol.jpg]
[www.momint.so/post/when-did-nfts-become-popular.html]
[uploads-ssl.webflow.com/60d20a9aba3beb41d6adfa71/6227324296a0d1142508cdfd_nft origins (1).jpg]
[www.momint.so/post/upcoming-nft-trends.html]
[uploads-ssl.webflow.com/60d20a9aba3beb41d6adfa71/6244673e92b5f7605ef5fb9f_cryptocurrencies are fungible.jpg]
[www.momint.so/post/getting-started-with-nfts-as-an-artist.html]
[uploads-ssl.webflow.com/60d20a9aba3beb41d6adfa71/622733822b8363e553df7330_tips to get started with nfts (1).jpg]
[www.momint.so/post/difference-between-fungible-and-non-fungible-tokens.html]
[www.momint.so/post/why-are-nfts-valuable-if-i-can-just-take-a-screenshot.html]
[uploads-ssl.webflow.com/60d20a9aba3beb41d6adfa71/6227307dac040420abe436e8_why are nfts valuable (1).jpg]
[www.momint.so/post/the-meaning-of-decentralisation.html]
[www.momint.so/post/meaning-of-minting-an-nft.html]
[uploads-ssl.webflow.com/60d20a9aba3beb41d6adfa71/6256a07e1d2a8a1be6b1cc76_get protocol image.png]
[www.momint.so/post/best-nft-based-blockchain-games.html]
[uploads-ssl.webflow.com/60d20a9aba3beb41d6adfa71/62962821aac789cc4c2717dc_best blockchain games (1).png]
[www.momint.so/post/what-is-nft-ticketing.html]
[www.momint.so/post/everything-you-need-to-know-about-dapps.html]
[uploads-ssl.webflow.com/60d20a9aba3beb41d6adfa71/6267f192b23346d2ea39cfe0_catalog works.png]
[uploads-ssl.webflow.com/60d20a9aba3beb41d6adfa71/6267f247bf90230e78ca8153_limewire return.jpg]
[uploads-ssl.webflow.com/60d20a9aba3beb41d6adfa71/6267f2daefd024f1af3ae270_async art 2.jpg]
[www.momint.so/post/nfts-and-the-music-industry.html]
[www.momint.so/post/meaning-of-an-nft-rug-pull.html]
[uploads-ssl.webflow.com/60d20a9aba3beb41d6adfa71/626a99c07e644c195253fbaa_elder ring (1).png]
[uploads-ssl.webflow.com/60d20a9aba3beb41d6adfa71/626a9a5fe1057b7b8c6b119d_axie infinity gameplay.jpg]
[uploads-ssl.webflow.com/60d20a9aba3beb41d6adfa71/626a9dc6cbb39e8636c7eb80_ultra interface.jpg]
[uploads-ssl.webflow.com/60d20a9aba3beb41d6adfa71/628cde34754ccfd0b6c36602_How to NFTs Gain Value (1).png]
[www.momint.so/post/what-is-p2e-gaming.html]
[www.momint.so/post/how-nft-real-estate-works.html]
[www.momint.so/post/how-much-does-it-cost-to-make-an-nft.html]
[www.momint.so/post/how-does-an-nft-marketplace-work.html]
[uploads-ssl.webflow.com/60d20a9aba3beb41d6adfa71/62823bbd89d488f6be718914_remnants gameplay.png]
[uploads-ssl.webflow.com/60d20a9aba3beb41d6adfa71/6282548227f839a7ddafbba1_adidas nft  (1).jpg]
[www.momint.so/post/what-does-utility-mean-in-nfts.html]
[www.momint.so/post/how-royalties-work-in-nfts.html]
[www.momint.so/post/is-it-too-late-to-get-into-nfts.html]
[www.momint.so/faq.html]
[www.momint.so/blog.html]
[uploads-ssl.webflow.com/60d20a9aba3bebdcfeadfa63/6204dfdcaf3ddd1806c41642_Group 8734.png]
[uploads-ssl.webflow.com/60d20a9aba3bebdcfeadfa63/619f8089293b1e5225834659_ccf812b9-2e2e-49f7-8615-a84eaf55eec1 (4).mp4-high.gif]
[www.momint.so/nft-challenge.html]
[www.momint.so/support.html]
[www.momint.so/terms-of-service.html]
[www.momint.so/privacy-policy.html]
[uploads-ssl.webflow.com/60d20a9aba3beb41d6adfa71/623c5365a9cc040a8700a0b3_1920x1920 Nelson Mandela - Warrant for Arrest_v002.png]
[uploads-ssl.webflow.com/60d20a9aba3beb41d6adfa71/623a5e1b68c7d7cc689303b3_vnb.png]
[www.momint.so/auction-items/nelsonmandelawarrantofarrest-nelsonmandela.html]
[uploads-ssl.webflow.com/60d20a9aba3beb41d6adfa71/623a58cf376b6baa0919b2a3_metavest-logo-full 1.png]
[www.momint.so/auction-items/metavestcapital-boredape-5981-boredape.html]
[uploads-ssl.webflow.com/60d20a9aba3beb41d6adfa71/6230822158e18dd99deedd17_Mutant Ape #28096.png]
[www.momint.so/auction-items/mutantape-21962-mutantape.html]
[uploads-ssl.webflow.com/60d20a9aba3beb41d6adfa71/623a5e3739f78570bb9fe9a2_Screenshot 2022-03-22 at 16.44.03.png]
[www.momint.so/auction-items/bulletproof-nft-fightbacksa.html]
[uploads-ssl.webflow.com/60d20a9aba3beb41d6adfa71/623c532333322dda404dfa7e_1920x1920 Terrina Patel - Beauty_v002.png]
[uploads-ssl.webflow.com/60d20a9aba3beb41d6adfa71/623b1b62a683ea0a16ef03e7_WhatsApp Image 2022-03-11 at 7.25.01 PM.jpg]
[www.momint.so/auction-items/tarina-patel-beauty.html]
[uploads-ssl.webflow.com/60d20a9aba3beb41d6adfa71/623084be0feecfc526402200_image0.jpg]
[www.momint.so/auction-items/briana-evigan-x-marco-olivier.html]
[uploads-ssl.webflow.com/60d20a9aba3beb41d6adfa71/623a5dc06c42703341418ae0_640x640_13033615.jpg]
[www.momint.so/auction-items/jaredxshavaart-jaredxshavanft-mirrorman.html]
[www.momint.so/auction-items/jaredxfarai-orgiasticcolour.html]
[uploads-ssl.webflow.com/60d20a9aba3beb41d6adfa71/623a5d06a117fb7be67f41d2_Webp.net-compress-image.jpg]
[www.momint.so/auction-items/tertiusvandyk-surrealist.html]
[uploads-ssl.webflow.com/60d20a9aba3beb41d6adfa71/623a597856c86e321129a614_marcoolivier.jpg]
[www.momint.so/auction-items/marco-olivier-surrender-man.html]
[uploads-ssl.webflow.com/60d20a9aba3beb41d6adfa71/623c5365599f70d059359b49_peterterrin.jpg]
[www.momint.so/auction-items/peterterrin-art.html]
[uploads-ssl.webflow.com/60d20a9aba3beb41d6adfa71/623a5eb0378e3d4ca0d2c57b_chaz.jpg]
[www.momint.so/auction-items/chazwilliams-art-nft-nftdebut.html]
[uploads-ssl.webflow.com/60d20a9aba3beb41d6adfa71/622a0254b636065773fbf6f6_maxresdefault.jpg]
[www.momint.so/auction-items/peterterrin-art-mindgames.html]
[www.momint.so/blitz-auction/ofek-liepaz-bob.html]
[www.momint.so/blitz-auction/hannah-smith-lady-justice.html]
[www.momint.so/blitz-auction/alaska-lane-graffiti-beamo.html]
[www.momint.so/blitz-auction/khani-ndhambi-distant-memories.html]
[www.momint.so/blitz-auction/showqaz-damola-amazing-strings.html]
[www.momint.so/blitz-auction/8igh-atl-8igh-dao-membership-card.html]
[www.momint.so/blitz-auction/katiso-hlabana-stay-in-the-light.html]
[www.momint.so/blitz-auction/enchiridion-grand-africa.html]
[www.momint.so/blitz-auction/titan-door-to-escape.html]
[www.momint.so/blitz-auction/kameel-mohammed-bliss.html]
[www.momint.so/blitz-auction/dewet-mostert-heaven.html]
[www.momint.so/blitz-auction/brendan-louw-moments.html]
[www.momint.so/blitz-auction/eneo-hollenbach-seed-token.html]
[www.momint.so/blitz-auction/adin-kamanda-sedulous.html]
[www.momint.so/blitz-auction/barry-de-jager-steam-whale.html]
[www.momint.so/blitz-auction/craig-chitima-11th-warrior-of-kente.html]
[www.momint.so/blitz-auction/stephen-de-villiers-graaff.html]
[www.momint.so/blitz-auction/dude-super-the-drip-is-real.html]
[uploads-ssl.webflow.com/60d20a9aba3beb41d6adfa71/629097cbdc7931ea8c622448_okay bear 2.jpg]
[uploads-ssl.webflow.com/60d20a9aba3beb41d6adfa71/62909bedf976183fde62699c_Screenshot 2022-05-17 at 17.31.00.png]
[www.momint.so/post/how-an-nft-gains-value.html]
[uploads-ssl.webflow.com/60d20a9aba3beb41d6adfa71/624af6685b6bf36f815c4fb8_rhino horn 2 (1).png]
[uploads-ssl.webflow.com/60d20a9aba3beb41d6adfa71/6246fad73004b95f5f448b36_Wn6iIcnrMUned02XnjJJY1z3RQzCQGwVSk3xyHNv_-YD4k9VayLAZ2GQVtGMTdgS6EEe_V2CmYBPnmHrU3yqBa5NVKceZPYJxabEtEZdu3NFNGcUEn87UEyEl73yBuxxW5]
[uploads-ssl.webflow.com/60d20a9aba3beb41d6adfa71/624b0025d1e437b16c8cd12f_rhino horn NFT.png]
[uploads-ssl.webflow.com/60d20a9aba3beb41d6adfa71/624af7384f13bbb5db963cbc_spy pen  (1).png]
[uploads-ssl.webflow.com/60d20a9aba3beb41d6adfa71/624b0528fb05eb9d97c7aad8_arno carstens oil artwork.jpg]
[uploads-ssl.webflow.com/60d20a9aba3beb41d6adfa71/624b0761e5cda0d3345e3297_lucas radebe ball.png]
[uploads-ssl.webflow.com/60d20a9aba3beb41d6adfa71/624b07ce84fccb65e19f83b1_marco olivier nft mask (1).png]
[uploads-ssl.webflow.com/60d20a9aba3beb41d6adfa71/624b09c6b57bcc3848fc3d42_bryan habana ball (1).png]
[uploads-ssl.webflow.com/60d20a9aba3beb41d6adfa71/624b0981e7f2436a305f4eb5_cruise ard matthews (1).png]
[www.momint.so/post/momint-hosts-one-of-africas-biggest-nft-auctions.html]
[www.momint.so/post/how-to-build-an-nft-community.html]
[uploads-ssl.webflow.com/60d20a9aba3beb41d6adfa71/624447c9336252626ac128ea_cryptopunk 1.png]
[uploads-ssl.webflow.com/60d20a9aba3beb41d6adfa71/62444e21ea14dddfa34b3f15_quantum trader 1.png]
[www.momint.so/post/pfp-in-nft-space.html]
[www.momint.so/post/what-nfts-are.html]
[www.momint.so/post/nfts-tied-to-physical-assets.html]
[www.momint.so/post/are-nfts-bad-for-the-environment.html]
[www.momint.so/post/nfts-in-ecommerce.html]
[uploads-ssl.webflow.com/60d20a9aba3beb41d6adfa71/6246b696f3a7e23f2af8f53b_the basketball league.jpg]
[www.momint.so/post/worlds-first-professional-dao-basketball-team.html]
[www.momint.so/post/how-to-use-nfts-for-your-business.html]
[uploads-ssl.webflow.com/60d20a9aba3beb41d6adfa71/62b9a7c087a13c54e6520c6d_Momint Youtube Pass Thumbnail (1).png]
[www.momint.so/post/tokenising-momint-youtube-channel.html]
[www.momint.so/post/scoin-partners-with-momint.html]
[uploads-ssl.webflow.com/60d20a9aba3beb41d6adfa71/62680633edf42bbf2e715092_uniswap ui.png]
[uploads-ssl.webflow.com/60d20a9aba3beb41d6adfa71/626813101cdee93aa52afcdd_pegaxy gameplay.jpg]
[uploads-ssl.webflow.com/60d20a9aba3beb41d6adfa71/626813d11cae91afb6289118_raydium dapp.png]
[uploads-ssl.webflow.com/60d20a9aba3beb41d6adfa71/626a50e8de9b32efdb07c1fe_brave browser (1).png]
[uploads-ssl.webflow.com/60d20a9aba3beb41d6adfa71/626a7eaeb5a7d52b36d8605d_dapps momint.jpg]
[www.momint.so/post/examples-of-dapps.html]
[www.momint.so/post/nft-use-cases-for-business.html]
[www.momint.so/post/best-sources-to-learn-blockchain-technology.html]
[uploads-ssl.webflow.com/60d20a9aba3beb41d6adfa71/6227318775887b854036b454_cryptopunks pic (1).jpg]
[uploads-ssl.webflow.com/60d20a9aba3beb41d6adfa71/622731ea1abb0e302f202032_nfts mooning.jpg]
[www.momint.so/post/when-did-nfts-become-popular.html]
[uploads-ssl.webflow.com/60d20a9aba3beb41d6adfa71/611d51be340d67634be654a9_freeminting1_1.gif]
[uploads-ssl.webflow.com/60d20a9aba3beb41d6adfa71/611d5186177ee6b4335075fd_tattoo.gif]
[www.momint.so/post/getting-started-with-nfts-as-an-artist.html]
[uploads-ssl.webflow.com/60d20a9aba3beb41d6adfa71/62272fbe4848f959ec4dddd1_nft adoption cycle (1).jpg]
[uploads-ssl.webflow.com/60d20a9aba3beb41d6adfa71/622730254848f973c64e1ea6_subpreme shirt (1).jpg]
[www.momint.so/post/why-are-nfts-valuable-if-i-can-just-take-a-screenshot.html]
[uploads-ssl.webflow.com/60d20a9aba3beb41d6adfa71/6296345b93ecfd7fdf23694c_Screenshot 2022-05-31 at 17.28.44.png]
[uploads-ssl.webflow.com/60d20a9aba3beb41d6adfa71/629633ee26534b32ba314d40_play big time (1).jpg]
[uploads-ssl.webflow.com/60d20a9aba3beb41d6adfa71/62965c0803aff2a5f2d378d0_champions ascension.jpg]
[uploads-ssl.webflow.com/60d20a9aba3beb41d6adfa71/62965cec640ac44db04eb226_heroes of mavia.jpg]
[uploads-ssl.webflow.com/60d20a9aba3beb41d6adfa71/62965e49d2820756f389c0f6_sidus heroes (1).jpg]
[uploads-ssl.webflow.com/60d20a9aba3beb41d6adfa71/62965f48f89e2ed912bc26a0_monkeyleague.png]
[www.momint.so/post/best-nft-based-blockchain-games.html]
[www.momint.so/c]
[www.momint.so/b]
[www.momint.so/POST.html]
[www.momint.so/_https_/uploads-ssl.webflow.com/60d20a9aba3bebdcfeadfa63/62332a70e79d5d2ac62c9ddf_compressedlanding_page_bg_warp_v003-poster-00001.jpg_]
[www.momint.so/_https_/uploads-ssl.webflow.com/60d20a9aba3bebdcfeadfa63/62261100e8794e91f1b5918b_Proof Promo Trailer 16;9 (1.html]
[www.momint.so/post/great-sources-to-learn-about-blockchain-technology]
[www.momint.so/post/all-about-ethereum]
[www.momint.so/post/an-artists-guide-to-selling-nfts-tips-to-get-started]
[www.momint.so/post/why-we-use-proof-of-stake-blockchain]
[www.momint.so/post/how-nft-technology-can-change-the-future-of-business.html]
